Archive member included to satisfy reference by file (symbol)

c:/program files (x86)/microchip/xc8/v2.10/avr/bin/../lib/gcc/avr/5.4.0/../../../../avr/lib/avr5/memx-const\libm.a(addsf3.o)
                              build/default/production/salve..o (__subsf3)
c:/program files (x86)/microchip/xc8/v2.10/avr/bin/../lib/gcc/avr/5.4.0/../../../../avr/lib/avr5/memx-const\libm.a(addsf3x.o)
                              c:/program files (x86)/microchip/xc8/v2.10/avr/bin/../lib/gcc/avr/5.4.0/../../../../avr/lib/avr5/memx-const\libm.a(addsf3.o) (__addsf3x)
c:/program files (x86)/microchip/xc8/v2.10/avr/bin/../lib/gcc/avr/5.4.0/../../../../avr/lib/avr5/memx-const\libm.a(divsf3.o)
                              build/default/production/salve..o (__divsf3)
c:/program files (x86)/microchip/xc8/v2.10/avr/bin/../lib/gcc/avr/5.4.0/../../../../avr/lib/avr5/memx-const\libm.a(divsf3x.o)
                              c:/program files (x86)/microchip/xc8/v2.10/avr/bin/../lib/gcc/avr/5.4.0/../../../../avr/lib/avr5/memx-const\libm.a(divsf3.o) (__divsf3x)
c:/program files (x86)/microchip/xc8/v2.10/avr/bin/../lib/gcc/avr/5.4.0/../../../../avr/lib/avr5/memx-const\libm.a(fixsfsi.o)
                              build/default/production/salve..o (__fixsfsi)
c:/program files (x86)/microchip/xc8/v2.10/avr/bin/../lib/gcc/avr/5.4.0/../../../../avr/lib/avr5/memx-const\libm.a(fixunssfsi.o)
                              c:/program files (x86)/microchip/xc8/v2.10/avr/bin/../lib/gcc/avr/5.4.0/../../../../avr/lib/avr5/memx-const\libm.a(fixsfsi.o) (__fixunssfsi)
c:/program files (x86)/microchip/xc8/v2.10/avr/bin/../lib/gcc/avr/5.4.0/../../../../avr/lib/avr5/memx-const\libm.a(floatsisf.o)
                              build/default/production/salve..o (__floatsisf)
c:/program files (x86)/microchip/xc8/v2.10/avr/bin/../lib/gcc/avr/5.4.0/../../../../avr/lib/avr5/memx-const\libm.a(fp_inf.o)
                              c:/program files (x86)/microchip/xc8/v2.10/avr/bin/../lib/gcc/avr/5.4.0/../../../../avr/lib/avr5/memx-const\libm.a(addsf3x.o) (__fp_inf)
c:/program files (x86)/microchip/xc8/v2.10/avr/bin/../lib/gcc/avr/5.4.0/../../../../avr/lib/avr5/memx-const\libm.a(fp_nan.o)
                              c:/program files (x86)/microchip/xc8/v2.10/avr/bin/../lib/gcc/avr/5.4.0/../../../../avr/lib/avr5/memx-const\libm.a(addsf3x.o) (__fp_nan)
c:/program files (x86)/microchip/xc8/v2.10/avr/bin/../lib/gcc/avr/5.4.0/../../../../avr/lib/avr5/memx-const\libm.a(fp_pscA.o)
                              c:/program files (x86)/microchip/xc8/v2.10/avr/bin/../lib/gcc/avr/5.4.0/../../../../avr/lib/avr5/memx-const\libm.a(addsf3x.o) (__fp_pscA)
c:/program files (x86)/microchip/xc8/v2.10/avr/bin/../lib/gcc/avr/5.4.0/../../../../avr/lib/avr5/memx-const\libm.a(fp_pscB.o)
                              c:/program files (x86)/microchip/xc8/v2.10/avr/bin/../lib/gcc/avr/5.4.0/../../../../avr/lib/avr5/memx-const\libm.a(addsf3x.o) (__fp_pscB)
c:/program files (x86)/microchip/xc8/v2.10/avr/bin/../lib/gcc/avr/5.4.0/../../../../avr/lib/avr5/memx-const\libm.a(fp_round.o)
                              c:/program files (x86)/microchip/xc8/v2.10/avr/bin/../lib/gcc/avr/5.4.0/../../../../avr/lib/avr5/memx-const\libm.a(addsf3.o) (__fp_round)
c:/program files (x86)/microchip/xc8/v2.10/avr/bin/../lib/gcc/avr/5.4.0/../../../../avr/lib/avr5/memx-const\libm.a(fp_split3.o)
                              c:/program files (x86)/microchip/xc8/v2.10/avr/bin/../lib/gcc/avr/5.4.0/../../../../avr/lib/avr5/memx-const\libm.a(addsf3x.o) (__fp_split3)
c:/program files (x86)/microchip/xc8/v2.10/avr/bin/../lib/gcc/avr/5.4.0/../../../../avr/lib/avr5/memx-const\libm.a(fp_zero.o)
                              c:/program files (x86)/microchip/xc8/v2.10/avr/bin/../lib/gcc/avr/5.4.0/../../../../avr/lib/avr5/memx-const\libm.a(addsf3x.o) (__fp_zero)
c:/program files (x86)/microchip/xc8/v2.10/avr/bin/../lib/gcc/avr/5.4.0/avr5/memx-const\libgcc.a(_exit.o)
                              C:/Program Files (x86)/Microchip/MPLABX/v5.30/packs/Microchip/ATmega_DFP/2.0.12/gcc/dev/atmega32/avr5/memx-const/crtatmega32.o (exit)

Discarded input sections

 .data          0x00000000        0x0 C:/Program Files (x86)/Microchip/MPLABX/v5.30/packs/Microchip/ATmega_DFP/2.0.12/gcc/dev/atmega32/avr5/memx-const/crtatmega32.o
 .bss           0x00000000        0x0 C:/Program Files (x86)/Microchip/MPLABX/v5.30/packs/Microchip/ATmega_DFP/2.0.12/gcc/dev/atmega32/avr5/memx-const/crtatmega32.o
 .text          0x00000000        0x0 build/default/production/salve..o
 .data          0x00000000        0x0 build/default/production/salve..o
 .bss           0x00000000        0x0 build/default/production/salve..o
 .text.UART_transmit
                0x00000000        0x8 build/default/production/salve..o
 .text.LEDs_init
                0x00000000        0x8 build/default/production/salve..o
 .text          0x00000000        0x0 build/default/production/main.o
 .data          0x00000000        0x0 build/default/production/main.o
 .bss           0x00000000        0x0 build/default/production/main.o
 .text          0x00000000        0x0 c:/program files (x86)/microchip/xc8/v2.10/avr/bin/../lib/gcc/avr/5.4.0/../../../../avr/lib/avr5/memx-const\libm.a(addsf3.o)
 .data          0x00000000        0x0 c:/program files (x86)/microchip/xc8/v2.10/avr/bin/../lib/gcc/avr/5.4.0/../../../../avr/lib/avr5/memx-const\libm.a(addsf3.o)
 .bss           0x00000000        0x0 c:/program files (x86)/microchip/xc8/v2.10/avr/bin/../lib/gcc/avr/5.4.0/../../../../avr/lib/avr5/memx-const\libm.a(addsf3.o)
 .text          0x00000000        0x0 c:/program files (x86)/microchip/xc8/v2.10/avr/bin/../lib/gcc/avr/5.4.0/../../../../avr/lib/avr5/memx-const\libm.a(addsf3x.o)
 .data          0x00000000        0x0 c:/program files (x86)/microchip/xc8/v2.10/avr/bin/../lib/gcc/avr/5.4.0/../../../../avr/lib/avr5/memx-const\libm.a(addsf3x.o)
 .bss           0x00000000        0x0 c:/program files (x86)/microchip/xc8/v2.10/avr/bin/../lib/gcc/avr/5.4.0/../../../../avr/lib/avr5/memx-const\libm.a(addsf3x.o)
 .text          0x00000000        0x0 c:/program files (x86)/microchip/xc8/v2.10/avr/bin/../lib/gcc/avr/5.4.0/../../../../avr/lib/avr5/memx-const\libm.a(divsf3.o)
 .data          0x00000000        0x0 c:/program files (x86)/microchip/xc8/v2.10/avr/bin/../lib/gcc/avr/5.4.0/../../../../avr/lib/avr5/memx-const\libm.a(divsf3.o)
 .bss           0x00000000        0x0 c:/program files (x86)/microchip/xc8/v2.10/avr/bin/../lib/gcc/avr/5.4.0/../../../../avr/lib/avr5/memx-const\libm.a(divsf3.o)
 .text          0x00000000        0x0 c:/program files (x86)/microchip/xc8/v2.10/avr/bin/../lib/gcc/avr/5.4.0/../../../../avr/lib/avr5/memx-const\libm.a(divsf3x.o)
 .data          0x00000000        0x0 c:/program files (x86)/microchip/xc8/v2.10/avr/bin/../lib/gcc/avr/5.4.0/../../../../avr/lib/avr5/memx-const\libm.a(divsf3x.o)
 .bss           0x00000000        0x0 c:/program files (x86)/microchip/xc8/v2.10/avr/bin/../lib/gcc/avr/5.4.0/../../../../avr/lib/avr5/memx-const\libm.a(divsf3x.o)
 .text          0x00000000        0x0 c:/program files (x86)/microchip/xc8/v2.10/avr/bin/../lib/gcc/avr/5.4.0/../../../../avr/lib/avr5/memx-const\libm.a(fixsfsi.o)
 .data          0x00000000        0x0 c:/program files (x86)/microchip/xc8/v2.10/avr/bin/../lib/gcc/avr/5.4.0/../../../../avr/lib/avr5/memx-const\libm.a(fixsfsi.o)
 .bss           0x00000000        0x0 c:/program files (x86)/microchip/xc8/v2.10/avr/bin/../lib/gcc/avr/5.4.0/../../../../avr/lib/avr5/memx-const\libm.a(fixsfsi.o)
 .text          0x00000000        0x0 c:/program files (x86)/microchip/xc8/v2.10/avr/bin/../lib/gcc/avr/5.4.0/../../../../avr/lib/avr5/memx-const\libm.a(fixunssfsi.o)
 .data          0x00000000        0x0 c:/program files (x86)/microchip/xc8/v2.10/avr/bin/../lib/gcc/avr/5.4.0/../../../../avr/lib/avr5/memx-const\libm.a(fixunssfsi.o)
 .bss           0x00000000        0x0 c:/program files (x86)/microchip/xc8/v2.10/avr/bin/../lib/gcc/avr/5.4.0/../../../../avr/lib/avr5/memx-const\libm.a(fixunssfsi.o)
 .text          0x00000000        0x0 c:/program files (x86)/microchip/xc8/v2.10/avr/bin/../lib/gcc/avr/5.4.0/../../../../avr/lib/avr5/memx-const\libm.a(floatsisf.o)
 .data          0x00000000        0x0 c:/program files (x86)/microchip/xc8/v2.10/avr/bin/../lib/gcc/avr/5.4.0/../../../../avr/lib/avr5/memx-const\libm.a(floatsisf.o)
 .bss           0x00000000        0x0 c:/program files (x86)/microchip/xc8/v2.10/avr/bin/../lib/gcc/avr/5.4.0/../../../../avr/lib/avr5/memx-const\libm.a(floatsisf.o)
 .text          0x00000000        0x0 c:/program files (x86)/microchip/xc8/v2.10/avr/bin/../lib/gcc/avr/5.4.0/../../../../avr/lib/avr5/memx-const\libm.a(fp_inf.o)
 .data          0x00000000        0x0 c:/program files (x86)/microchip/xc8/v2.10/avr/bin/../lib/gcc/avr/5.4.0/../../../../avr/lib/avr5/memx-const\libm.a(fp_inf.o)
 .bss           0x00000000        0x0 c:/program files (x86)/microchip/xc8/v2.10/avr/bin/../lib/gcc/avr/5.4.0/../../../../avr/lib/avr5/memx-const\libm.a(fp_inf.o)
 .text          0x00000000        0x0 c:/program files (x86)/microchip/xc8/v2.10/avr/bin/../lib/gcc/avr/5.4.0/../../../../avr/lib/avr5/memx-const\libm.a(fp_nan.o)
 .data          0x00000000        0x0 c:/program files (x86)/microchip/xc8/v2.10/avr/bin/../lib/gcc/avr/5.4.0/../../../../avr/lib/avr5/memx-const\libm.a(fp_nan.o)
 .bss           0x00000000        0x0 c:/program files (x86)/microchip/xc8/v2.10/avr/bin/../lib/gcc/avr/5.4.0/../../../../avr/lib/avr5/memx-const\libm.a(fp_nan.o)
 .text          0x00000000        0x0 c:/program files (x86)/microchip/xc8/v2.10/avr/bin/../lib/gcc/avr/5.4.0/../../../../avr/lib/avr5/memx-const\libm.a(fp_pscA.o)
 .data          0x00000000        0x0 c:/program files (x86)/microchip/xc8/v2.10/avr/bin/../lib/gcc/avr/5.4.0/../../../../avr/lib/avr5/memx-const\libm.a(fp_pscA.o)
 .bss           0x00000000        0x0 c:/program files (x86)/microchip/xc8/v2.10/avr/bin/../lib/gcc/avr/5.4.0/../../../../avr/lib/avr5/memx-const\libm.a(fp_pscA.o)
 .text          0x00000000        0x0 c:/program files (x86)/microchip/xc8/v2.10/avr/bin/../lib/gcc/avr/5.4.0/../../../../avr/lib/avr5/memx-const\libm.a(fp_pscB.o)
 .data          0x00000000        0x0 c:/program files (x86)/microchip/xc8/v2.10/avr/bin/../lib/gcc/avr/5.4.0/../../../../avr/lib/avr5/memx-const\libm.a(fp_pscB.o)
 .bss           0x00000000        0x0 c:/program files (x86)/microchip/xc8/v2.10/avr/bin/../lib/gcc/avr/5.4.0/../../../../avr/lib/avr5/memx-const\libm.a(fp_pscB.o)
 .text          0x00000000        0x0 c:/program files (x86)/microchip/xc8/v2.10/avr/bin/../lib/gcc/avr/5.4.0/../../../../avr/lib/avr5/memx-const\libm.a(fp_round.o)
 .data          0x00000000        0x0 c:/program files (x86)/microchip/xc8/v2.10/avr/bin/../lib/gcc/avr/5.4.0/../../../../avr/lib/avr5/memx-const\libm.a(fp_round.o)
 .bss           0x00000000        0x0 c:/program files (x86)/microchip/xc8/v2.10/avr/bin/../lib/gcc/avr/5.4.0/../../../../avr/lib/avr5/memx-const\libm.a(fp_round.o)
 .text          0x00000000        0x0 c:/program files (x86)/microchip/xc8/v2.10/avr/bin/../lib/gcc/avr/5.4.0/../../../../avr/lib/avr5/memx-const\libm.a(fp_split3.o)
 .data          0x00000000        0x0 c:/program files (x86)/microchip/xc8/v2.10/avr/bin/../lib/gcc/avr/5.4.0/../../../../avr/lib/avr5/memx-const\libm.a(fp_split3.o)
 .bss           0x00000000        0x0 c:/program files (x86)/microchip/xc8/v2.10/avr/bin/../lib/gcc/avr/5.4.0/../../../../avr/lib/avr5/memx-const\libm.a(fp_split3.o)
 .text          0x00000000        0x0 c:/program files (x86)/microchip/xc8/v2.10/avr/bin/../lib/gcc/avr/5.4.0/../../../../avr/lib/avr5/memx-const\libm.a(fp_zero.o)
 .data          0x00000000        0x0 c:/program files (x86)/microchip/xc8/v2.10/avr/bin/../lib/gcc/avr/5.4.0/../../../../avr/lib/avr5/memx-const\libm.a(fp_zero.o)
 .bss           0x00000000        0x0 c:/program files (x86)/microchip/xc8/v2.10/avr/bin/../lib/gcc/avr/5.4.0/../../../../avr/lib/avr5/memx-const\libm.a(fp_zero.o)
 .text          0x00000000        0x0 c:/program files (x86)/microchip/xc8/v2.10/avr/bin/../lib/gcc/avr/5.4.0/avr5/memx-const\libgcc.a(_exit.o)
 .data          0x00000000        0x0 c:/program files (x86)/microchip/xc8/v2.10/avr/bin/../lib/gcc/avr/5.4.0/avr5/memx-const\libgcc.a(_exit.o)
 .bss           0x00000000        0x0 c:/program files (x86)/microchip/xc8/v2.10/avr/bin/../lib/gcc/avr/5.4.0/avr5/memx-const\libgcc.a(_exit.o)
 .text.libgcc.mul
                0x00000000        0x0 c:/program files (x86)/microchip/xc8/v2.10/avr/bin/../lib/gcc/avr/5.4.0/avr5/memx-const\libgcc.a(_exit.o)
 .text.libgcc.div
                0x00000000        0x0 c:/program files (x86)/microchip/xc8/v2.10/avr/bin/../lib/gcc/avr/5.4.0/avr5/memx-const\libgcc.a(_exit.o)
 .text.libgcc   0x00000000        0x0 c:/program files (x86)/microchip/xc8/v2.10/avr/bin/../lib/gcc/avr/5.4.0/avr5/memx-const\libgcc.a(_exit.o)
 .text.libgcc.prologue
                0x00000000        0x0 c:/program files (x86)/microchip/xc8/v2.10/avr/bin/../lib/gcc/avr/5.4.0/avr5/memx-const\libgcc.a(_exit.o)
 .text.libgcc.builtins
                0x00000000        0x0 c:/program files (x86)/microchip/xc8/v2.10/avr/bin/../lib/gcc/avr/5.4.0/avr5/memx-const\libgcc.a(_exit.o)
 .text.libgcc.fmul
                0x00000000        0x0 c:/program files (x86)/microchip/xc8/v2.10/avr/bin/../lib/gcc/avr/5.4.0/avr5/memx-const\libgcc.a(_exit.o)
 .text.libgcc.fixed
                0x00000000        0x0 c:/program files (x86)/microchip/xc8/v2.10/avr/bin/../lib/gcc/avr/5.4.0/avr5/memx-const\libgcc.a(_exit.o)

Memory Configuration

Name             Origin             Length             Attributes
text             0x00000000         0x00008000         xr
data             0x00800060         0x00000800         rw !x
eeprom           0x00810000         0x00000400         rw !x
fuse             0x00820000         0x00000002         rw !x
lock             0x00830000         0x00000400         rw !x
signature        0x00840000         0x00000400         rw !x
user_signatures  0x00850000         0x00000400         rw !x
*default*        0x00000000         0xffffffff

Linker script and memory map

LOAD C:/Program Files (x86)/Microchip/MPLABX/v5.30/packs/Microchip/ATmega_DFP/2.0.12/gcc/dev/atmega32/avr5/memx-const/crtatmega32.o
                0x00000001                __MPLAB_BUILD = 0x1
LOAD build/default/production/salve..o
LOAD build/default/production/main.o
START GROUP
LOAD c:/program files (x86)/microchip/xc8/v2.10/avr/bin/../lib/gcc/avr/5.4.0/../../../../avr/lib/avr5/memx-const\libm.a
END GROUP
START GROUP
LOAD c:/program files (x86)/microchip/xc8/v2.10/avr/bin/../lib/gcc/avr/5.4.0/avr5/memx-const\libgcc.a
LOAD c:/program files (x86)/microchip/xc8/v2.10/avr/bin/../lib/gcc/avr/5.4.0/../../../../avr/lib/avr5/memx-const\libm.a
LOAD c:/program files (x86)/microchip/xc8/v2.10/avr/bin/../lib/gcc/avr/5.4.0/../../../../avr/lib/avr5/memx-const\libc.a
LOAD C:/Program Files (x86)/Microchip/MPLABX/v5.30/packs/Microchip/ATmega_DFP/2.0.12/gcc/dev/atmega32/avr5/memx-const\libatmega32.a
END GROUP
                0x00000000                __TEXT_REGION_ORIGIN__ = DEFINED (__TEXT_REGION_ORIGIN__)?__TEXT_REGION_ORIGIN__:0x0
                [0x00800060]                __DATA_REGION_ORIGIN__ = DEFINED (__DATA_REGION_ORIGIN__)?__DATA_REGION_ORIGIN__:0x800060
                [0x00008000]                __TEXT_REGION_LENGTH__ = DEFINED (__TEXT_REGION_LENGTH__)?__TEXT_REGION_LENGTH__:0x20000
                [0x00000800]                __DATA_REGION_LENGTH__ = DEFINED (__DATA_REGION_LENGTH__)?__DATA_REGION_LENGTH__:0xffa0
                [0x00000400]                __EEPROM_REGION_LENGTH__ = DEFINED (__EEPROM_REGION_LENGTH__)?__EEPROM_REGION_LENGTH__:0x10000
                [0x00000002]                __FUSE_REGION_LENGTH__ = DEFINED (__FUSE_REGION_LENGTH__)?__FUSE_REGION_LENGTH__:0x400
                0x00000400                __LOCK_REGION_LENGTH__ = DEFINED (__LOCK_REGION_LENGTH__)?__LOCK_REGION_LENGTH__:0x400
                0x00000400                __SIGNATURE_REGION_LENGTH__ = DEFINED (__SIGNATURE_REGION_LENGTH__)?__SIGNATURE_REGION_LENGTH__:0x400
                0x00000400                __USER_SIGNATURE_REGION_LENGTH__ = DEFINED (__USER_SIGNATURE_REGION_LENGTH__)?__USER_SIGNATURE_REGION_LENGTH__:0x400

.hash
 *(.hash)

.dynsym
 *(.dynsym)

.dynstr
 *(.dynstr)

.gnu.version
 *(.gnu.version)

.gnu.version_d
 *(.gnu.version_d)

.gnu.version_r
 *(.gnu.version_r)

.rel.init
 *(.rel.init)

.rela.init
 *(.rela.init)

.rel.text
 *(.rel.text)
 *(.rel.text.*)
 *(.rel.gnu.linkonce.t*)

.rela.text
 *(.rela.text)
 *(.rela.text.*)
 *(.rela.gnu.linkonce.t*)

.rel.fini
 *(.rel.fini)

.rela.fini
 *(.rela.fini)

.rel.rodata
 *(.rel.rodata)
 *(.rel.rodata.*)
 *(.rel.gnu.linkonce.r*)

.rela.rodata
 *(.rela.rodata)
 *(.rela.rodata.*)
 *(.rela.gnu.linkonce.r*)

.rel.data
 *(.rel.data)
 *(.rel.data.*)
 *(.rel.gnu.linkonce.d*)

.rela.data
 *(.rela.data)
 *(.rela.data.*)
 *(.rela.gnu.linkonce.d*)

.rel.ctors
 *(.rel.ctors)

.rela.ctors
 *(.rela.ctors)

.rel.dtors
 *(.rel.dtors)

.rela.dtors
 *(.rela.dtors)

.rel.got
 *(.rel.got)

.rela.got
 *(.rela.got)

.rel.bss
 *(.rel.bss)

.rela.bss
 *(.rela.bss)

.rel.plt
 *(.rel.plt)

.rela.plt
 *(.rela.plt)

.text           0x00000000       0x6c
 *(.vectors)
 .vectors       0x00000000       0x54 C:/Program Files (x86)/Microchip/MPLABX/v5.30/packs/Microchip/ATmega_DFP/2.0.12/gcc/dev/atmega32/avr5/memx-const/crtatmega32.o
                0x00000000                __vector_default
                0x00000000                __vectors
 *(.vectors)
 *(.progmem.gcc*)
 *(.dinit)
 .dinit         0x00000054        0x0 data_init
                0x00000054                . = ALIGN (0x2)
                0x00000054                __trampolines_start = .
 *(.trampolines)
 .trampolines   0x00000054        0x0 linker stubs
 *(.trampolines*)
                0x00000054                __trampolines_end = .
 *libprintf_flt.a:*(.progmem.data)
 *libc.a:*(.progmem.data)
                0x00000054                . = ALIGN (0x2)
 *(.jumptables)
 *(.jumptables*)
 *(.lowtext)
 *(.lowtext*)
                0x00000054                __ctors_start = .
 *(.ctors)
                0x00000054                __ctors_end = .
                0x00000054                __dtors_start = .
 *(.dtors)
                0x00000054                __dtors_end = .
 SORT(*)(.ctors)
 SORT(*)(.dtors)
 *(.init0)
 .init0         0x00000054        0x0 C:/Program Files (x86)/Microchip/MPLABX/v5.30/packs/Microchip/ATmega_DFP/2.0.12/gcc/dev/atmega32/avr5/memx-const/crtatmega32.o
                0x00000054                __init
 *(.init0)
 *(.init1)
 *(.init1)
 *(.init2)
 .init2         0x00000054        0xc C:/Program Files (x86)/Microchip/MPLABX/v5.30/packs/Microchip/ATmega_DFP/2.0.12/gcc/dev/atmega32/avr5/memx-const/crtatmega32.o
 *(.init2)
 *(.init3)
 *(.init3)
 *(.init4)
 *(.init4)
 *(.init5)
 *(.init5)
 *(.init6)
 *(.init6)
 *(.init7)
 *(.init7)
 *(.init8)
 *(.init8)
 *(.init9)
 .init9         0x00000060        0x8 C:/Program Files (x86)/Microchip/MPLABX/v5.30/packs/Microchip/ATmega_DFP/2.0.12/gcc/dev/atmega32/avr5/memx-const/crtatmega32.o
 *(.init9)
                0x00000068                . = ALIGN (0x2)
 *(.fini9)
 .fini9         0x00000068        0x0 c:/program files (x86)/microchip/xc8/v2.10/avr/bin/../lib/gcc/avr/5.4.0/avr5/memx-const\libgcc.a(_exit.o)
                0x00000068                _exit
                0x00000068                exit
 *(.fini9)
 *(.fini8)
 *(.fini8)
 *(.fini7)
 *(.fini7)
 *(.fini6)
 *(.fini6)
 *(.fini5)
 *(.fini5)
 *(.fini4)
 *(.fini4)
 *(.fini3)
 *(.fini3)
 *(.fini2)
 *(.fini2)
 *(.fini1)
 *(.fini1)
 *(.fini0)
 .fini0         0x00000068        0x4 c:/program files (x86)/microchip/xc8/v2.10/avr/bin/../lib/gcc/avr/5.4.0/avr5/memx-const\libgcc.a(_exit.o)
 *(.fini0)
                0x0000006c                _etext = .

.data           0x00800060        0x0 load address 0x0000006c
                [!provide]                PROVIDE (__data_start, .)
 *(.gnu.linkonce.d*)
 *(.gnu.linkonce.r*)
                0x00800060                . = ALIGN (0x2)
                0x00800060                _edata = .
                [!provide]                PROVIDE (__data_end, .)

.bss            0x00800060        0x0
                [!provide]                PROVIDE (__bss_start, .)
 *(COMMON)
                [!provide]                PROVIDE (__bss_end, .)
                0x0000006c                __data_load_start = LOADADDR (.data)
                0x0000006c                __data_load_end = (__data_load_start + SIZEOF (.data))

.noinit         0x00800060        0x0
                [!provide]                PROVIDE (__noinit_start, .)
 *(.noinit*)
                [!provide]                PROVIDE (__noinit_end, .)
                0x00800060                _end = .

.eeprom         0x00810000        0x0
 *(.eeprom*)
                0x00810000                __eeprom_end = .

.fuse
 *(.fuse)
 *(.lfuse)
 *(.hfuse)
 *(.efuse)

.lock
 *(.lock*)

.signature
 *(.signature*)

.user_signatures
 *(.user_signatures*)

.stab
 *(.stab)

.stabstr
 *(.stabstr)

.stab.excl
 *(.stab.excl)

.stab.exclstr
 *(.stab.exclstr)

.stab.index
 *(.stab.index)

.stab.indexstr
 *(.stab.indexstr)

.comment        0x00000000       0x2f
 *(.comment)
 .comment       0x00000000       0x2f build/default/production/salve..o
                                 0x30 (size before relaxing)
 .comment       0x0000002f       0x30 build/default/production/main.o

.note.gnu.build-id
 *(.note.gnu.build-id)

.debug
 *(.debug)

.line
 *(.line)

.debug_srcinfo
 *(.debug_srcinfo)

.debug_sfnames
 *(.debug_sfnames)

.debug_aranges  0x00000000       0x88
 *(.debug_aranges)
 .debug_aranges
                0x00000000       0x68 build/default/production/salve..o
 .debug_aranges
                0x00000068       0x20 build/default/production/main.o

.debug_pubnames
 *(.debug_pubnames)

.debug_info     0x00000000      0xbb9
 *(.debug_info .gnu.linkonce.wi.*)
 .debug_info    0x00000000      0x4e6 C:/Program Files (x86)/Microchip/MPLABX/v5.30/packs/Microchip/ATmega_DFP/2.0.12/gcc/dev/atmega32/avr5/memx-const/crtatmega32.o
 .debug_info    0x000004e6      0x3c2 build/default/production/salve..o
 .debug_info    0x000008a8      0x311 build/default/production/main.o

.debug_abbrev   0x00000000      0x61b
 *(.debug_abbrev)
 .debug_abbrev  0x00000000      0x4a3 C:/Program Files (x86)/Microchip/MPLABX/v5.30/packs/Microchip/ATmega_DFP/2.0.12/gcc/dev/atmega32/avr5/memx-const/crtatmega32.o
 .debug_abbrev  0x000004a3       0xe3 build/default/production/salve..o
 .debug_abbrev  0x00000586       0x95 build/default/production/main.o

.debug_line     0x00000000      0x35d
 *(.debug_line .debug_line.* .debug_line_end)
 .debug_line    0x00000000      0x118 C:/Program Files (x86)/Microchip/MPLABX/v5.30/packs/Microchip/ATmega_DFP/2.0.12/gcc/dev/atmega32/avr5/memx-const/crtatmega32.o
 .debug_line    0x00000118      0x1c5 build/default/production/salve..o
 .debug_line    0x000002dd       0x80 build/default/production/main.o

.debug_frame    0x00000000       0xd8
 *(.debug_frame)
 .debug_frame   0x00000000       0xb4 build/default/production/salve..o
 .debug_frame   0x000000b4       0x24 build/default/production/main.o

.debug_str      0x00000000      0x1d1
 *(.debug_str)
 .debug_str     0x00000000      0x196 C:/Program Files (x86)/Microchip/MPLABX/v5.30/packs/Microchip/ATmega_DFP/2.0.12/gcc/dev/atmega32/avr5/memx-const/crtatmega32.o
 .debug_str     0x00000196        0x9 build/default/production/salve..o
 .debug_str     0x0000019f       0x32 build/default/production/main.o

.debug_loc      0x00000000       0xc4
 *(.debug_loc)
 .debug_loc     0x00000000       0x90 build/default/production/salve..o
 .debug_loc     0x00000090       0x34 build/default/production/main.o

.debug_macinfo
 *(.debug_macinfo)

.debug_weaknames
 *(.debug_weaknames)

.debug_funcnames
 *(.debug_funcnames)

.debug_typenames
 *(.debug_typenames)

.debug_varnames
 *(.debug_varnames)

.debug_pubtypes
 *(.debug_pubtypes)

.debug_ranges   0x00000000       0x68
 *(.debug_ranges)
 .debug_ranges  0x00000000       0x58 build/default/production/salve..o
 .debug_ranges  0x00000058       0x10 build/default/production/main.o

.debug_macro
 *(.debug_macro)
OUTPUT(dist/default/production/amit_project_slave.X.production.elf elf32-avr)
LOAD linker stubs
LOAD data_init

.note.gnu.avr.deviceinfo
                0x00000000       0x3c
 .note.gnu.avr.deviceinfo
                0x00000000       0x3c C:/Program Files (x86)/Microchip/MPLABX/v5.30/packs/Microchip/ATmega_DFP/2.0.12/gcc/dev/atmega32/avr5/memx-const/crtatmega32.o

.text.avrlibc.fplib
                0x0000006c       0xdc
 .text.avrlibc.fplib
                0x0000006c       0xdc c:/program files (x86)/microchip/xc8/v2.10/avr/bin/../lib/gcc/avr/5.4.0/../../../../avr/lib/avr5/memx-const\libm.a(divsf3x.o)
                0x0000008c                __divsf3x
                0x00000092                __divsf3_pse

.text.avrlibc.fplib
                0x00000148       0xcc
 .text.avrlibc.fplib
                0x00000148       0xcc c:/program files (x86)/microchip/xc8/v2.10/avr/bin/../lib/gcc/avr/5.4.0/../../../../avr/lib/avr5/memx-const\libm.a(addsf3x.o)
                0x0000016a                __addsf3x

.text.avrlibc.fplib
                0x00000214       0x7a
 .text.avrlibc.fplib
                0x00000214       0x7a c:/program files (x86)/microchip/xc8/v2.10/avr/bin/../lib/gcc/avr/5.4.0/../../../../avr/lib/avr5/memx-const\libm.a(floatsisf.o)
                0x00000214                __floatunsisf
                0x00000218                __floatsisf

.text.avrlibc.fplib
                0x0000028e       0x5e
 .text.avrlibc.fplib
                0x0000028e       0x5e c:/program files (x86)/microchip/xc8/v2.10/avr/bin/../lib/gcc/avr/5.4.0/../../../../avr/lib/avr5/memx-const\libm.a(fixunssfsi.o)
                0x0000028e                __fixunssfsi

.text.avrlibc.fplib
                0x000002ec       0x44
 .text.avrlibc.fplib
                0x000002ec       0x44 c:/program files (x86)/microchip/xc8/v2.10/avr/bin/../lib/gcc/avr/5.4.0/../../../../avr/lib/avr5/memx-const\libm.a(fp_split3.o)
                0x000002ec                __fp_split3
                0x000002fc                __fp_splitA

.text.main      0x00000330       0x40
 .text.main     0x00000330       0x40 build/default/production/main.o
                0x00000330                main

.text.SPI_INIT  0x00000370       0x3a
 .text.SPI_INIT
                0x00000370       0x3a build/default/production/salve..o
                0x00000370                SPI_INIT

.text.UART_setBaudRate
                0x000003aa       0x32
 .text.UART_setBaudRate
                0x000003aa       0x32 build/default/production/salve..o
                0x000003aa                UART_setBaudRate

.text.avrlibc.fplib
                0x000003dc       0x22
 .text.avrlibc.fplib
                0x000003dc       0x22 c:/program files (x86)/microchip/xc8/v2.10/avr/bin/../lib/gcc/avr/5.4.0/../../../../avr/lib/avr5/memx-const\libm.a(fp_round.o)
                0x000003dc                __fp_round

.text.avrlibc.fplib
                0x000003fe        0xe
 .text.avrlibc.fplib
                0x000003fe        0xe c:/program files (x86)/microchip/xc8/v2.10/avr/bin/../lib/gcc/avr/5.4.0/../../../../avr/lib/avr5/memx-const\libm.a(addsf3.o)
                0x000003fe                __subsf3
                0x00000400                __addsf3

.text.avrlibc.fplib
                0x0000040c        0xe
 .text.avrlibc.fplib
                0x0000040c        0xe c:/program files (x86)/microchip/xc8/v2.10/avr/bin/../lib/gcc/avr/5.4.0/../../../../avr/lib/avr5/memx-const\libm.a(fixsfsi.o)
                0x0000040c                __fixsfsi

.text.avrlibc.fplib
                0x0000041a        0xe
 .text.avrlibc.fplib
                0x0000041a        0xe c:/program files (x86)/microchip/xc8/v2.10/avr/bin/../lib/gcc/avr/5.4.0/../../../../avr/lib/avr5/memx-const\libm.a(fp_pscA.o)
                0x0000041a                __fp_pscA

.text.avrlibc.fplib
                0x00000428        0xe
 .text.avrlibc.fplib
                0x00000428        0xe c:/program files (x86)/microchip/xc8/v2.10/avr/bin/../lib/gcc/avr/5.4.0/../../../../avr/lib/avr5/memx-const\libm.a(fp_pscB.o)
                0x00000428                __fp_pscB

.text.avrlibc.fplib
                0x00000436        0xe
 .text.avrlibc.fplib
                0x00000436        0xe c:/program files (x86)/microchip/xc8/v2.10/avr/bin/../lib/gcc/avr/5.4.0/../../../../avr/lib/avr5/memx-const\libm.a(fp_zero.o)
                0x00000436                __fp_zero
                0x00000438                __fp_szero

.text.UART_init
                0x00000444        0xc
 .text.UART_init
                0x00000444        0xc build/default/production/salve..o
                0x00000444                UART_init

.text.avrlibc.fplib
                0x00000450        0xc
 .text.avrlibc.fplib
                0x00000450        0xc c:/program files (x86)/microchip/xc8/v2.10/avr/bin/../lib/gcc/avr/5.4.0/../../../../avr/lib/avr5/memx-const\libm.a(fp_inf.o)
                0x00000450                __fp_inf

.text.SPI_RECIVIER
                0x0000045c        0x8
 .text.SPI_RECIVIER
                0x0000045c        0x8 build/default/production/salve..o
                0x0000045c                SPI_RECIVIER

.text.avrlibc.fplib
                0x00000464        0x8
 .text.avrlibc.fplib
                0x00000464        0x8 c:/program files (x86)/microchip/xc8/v2.10/avr/bin/../lib/gcc/avr/5.4.0/../../../../avr/lib/avr5/memx-const\libm.a(divsf3.o)
                0x00000464                __divsf3

.text.avrlibc.fplib
                0x0000046c        0x6
 .text.avrlibc.fplib
                0x0000046c        0x6 c:/program files (x86)/microchip/xc8/v2.10/avr/bin/../lib/gcc/avr/5.4.0/../../../../avr/lib/avr5/memx-const\libm.a(fp_nan.o)
                0x0000046c                __fp_nan

.text           0x00000472        0x4
 .text          0x00000472        0x4 C:/Program Files (x86)/Microchip/MPLABX/v5.30/packs/Microchip/ATmega_DFP/2.0.12/gcc/dev/atmega32/avr5/memx-const/crtatmega32.o
                0x00000472                __vector_1
                0x00000472                __vector_12
                0x00000472                __bad_interrupt
                0x00000472                __vector_6
                0x00000472                __vector_3
                0x00000472                __vector_11
                0x00000472                __vector_13
                0x00000472                __vector_17
                0x00000472                __vector_19
                0x00000472                __vector_7
                0x00000472                __vector_5
                0x00000472                __vector_4
                0x00000472                __vector_9
                0x00000472                __vector_2
                0x00000472                __vector_15
                0x00000472                __vector_8
                0x00000472                __vector_14
                0x00000472                __vector_10
                0x00000472                __vector_16
                0x00000472                __vector_18
                0x00000472                __vector_20

.text.LED0_ON   0x00000476        0x4
 .text.LED0_ON  0x00000476        0x4 build/default/production/salve..o
                0x00000476                LED0_ON

.text.LED1_ON   0x0000047a        0x4
 .text.LED1_ON  0x0000047a        0x4 build/default/production/salve..o
                0x0000047a                LED1_ON

.text.LED0_OFF  0x0000047e        0x4
 .text.LED0_OFF
                0x0000047e        0x4 build/default/production/salve..o
                0x0000047e                LED0_OFF

.text.LED1_OFF  0x00000482        0x4
 .text.LED1_OFF
                0x00000482        0x4 build/default/production/salve..o
                0x00000482                LED1_OFF
